timestamp_ms, ax_mps2, ay_mps2, az_mps2, gx_rads, gy_rads, gz_rads, temp_c
1551,0.258,-0.584,11.160,4.936,-3.411,-5.597,26.402
1561,0.220,-0.502,10.088,2.018,-1.395,-1.400,26.402
1571,0.201,-0.479,10.093,0.120,-0.039,-0.099,26.457
1581,0.220,-0.479,10.102,0.112,-0.044,-0.109,26.457
1591,0.215,-0.488,10.107,0.082,-0.037,-0.098,26.398
1601,0.230,-0.483,10.102,-0.001,-0.001,-0.037,26.398
1621,0.239,-0.488,10.088,-0.012,0.006,-0.028,26.379
1631,0.239,-0.502,10.093,-0.012,0.006,-0.028,26.379
1641,0.234,-0.507,10.079,-0.012,0.005,-0.027,26.391
1651,0.234,-0.517,10.074,-0.012,0.005,-0.028,26.391
1661,0.239,-0.522,10.088,-0.013,0.005,-0.027,26.359
1671,0.234,-0.493,10.093,-0.013,0.005,-0.027,26.359
1681,0.249,-0.488,10.102,-0.012,0.006,-0.027,26.379
1691,0.234,-0.493,10.079,-0.012,0.006,-0.027,26.379
1701,0.225,-0.493,10.107,-0.012,0.005,-0.027,26.375
1711,0.234,-0.474,10.064,-0.012,0.006,-0.027,26.375
1721,0.234,-0.493,10.079,-0.012,0.006,-0.027,26.363
1731,0.239,-0.488,10.074,-0.012,0.006,-0.027,26.363
1741,0.244,-0.522,10.093,-0.012,0.006,-0.027,26.375
1751,0.254,-0.507,10.093,-0.012,0.006,-0.027,26.375
1761,0.234,-0.507,10.098,-0.012,0.006,-0.026,26.398
1771,0.234,-0.488,10.074,-0.012,0.006,-0.026,26.398
1781,0.244,-0.493,10.093,-0.012,0.006,-0.026,26.363
1791,0.254,-0.502,10.131,-0.012,0.006,-0.026,26.363
1801,0.225,-0.483,10.088,-0.012,0.006,-0.026,26.348
1811,0.230,-0.507,10.064,-0.012,0.005,-0.026,26.348
1821,0.215,-0.488,10.079,-0.012,0.005,-0.026,26.406
1831,0.244,-0.522,10.093,-0.012,0.005,-0.027,26.406
1841,0.244,-0.498,10.079,-0.012,0.005,-0.027,26.359
1851,0.215,-0.498,10.088,-0.012,0.006,-0.027,26.359
1861,0.215,-0.517,10.083,-0.013,0.006,-0.027,26.348
1871,0.249,-0.483,10.088,-0.013,0.006,-0.027,26.348
1881,0.225,-0.483,10.064,-0.012,0.006,-0.027,26.418
1891,0.244,-0.488,10.088,-0.013,0.006,-0.027,26.418
1901,0.244,-0.493,10.069,-0.012,0.006,-0.027,26.402
1911,0.230,-0.493,10.098,-0.012,0.005,-0.027,26.402
1921,0.239,-0.502,10.088,-0.012,0.005,-0.026,26.387
1931,0.254,-0.502,10.079,-0.012,0.006,-0.027,26.387
1941,0.268,-0.483,10.079,-0.012,0.006,-0.026,26.375
1951,0.244,-0.488,10.069,-0.013,0.006,-0.027,26.375
1961,0.239,-0.493,10.088,-0.012,0.006,-0.027,26.352
1971,0.234,-0.522,10.102,-0.012,0.006,-0.027,26.352
1981,0.225,-0.498,10.083,-0.012,0.006,-0.027,26.371
1991,0.225,-0.507,10.083,-0.012,0.006,-0.027,26.371
2001,0.211,-0.526,10.093,-0.012,0.006,-0.026,26.363
2011,0.220,-0.517,10.079,-0.012,0.006,-0.026,26.363
2021,0.244,-0.517,10.098,-0.012,0.005,-0.027,26.410
2031,0.263,-0.512,10.074,-0.012,0.006,-0.027,26.410
2041,0.258,-0.512,10.074,-0.013,0.006,-0.026,26.367
2051,0.239,-0.498,10.069,-0.012,0.006,-0.027,26.367
2061,0.249,-0.502,10.112,-0.012,0.005,-0.027,26.383
2071,0.239,-0.498,10.035,-0.011,0.006,-0.027,26.383
2081,0.234,-0.493,10.079,-0.012,0.005,-0.026,26.348
2091,0.244,-0.502,10.131,-0.013,0.005,-0.027,26.348
2101,0.215,-0.502,10.059,-0.011,0.007,-0.027,26.402
2111,0.225,-0.493,10.117,-0.013,0.005,-0.027,26.402
2121,0.191,-0.498,10.088,-0.013,0.007,-0.027,26.371
2131,0.220,-0.493,10.098,-0.012,0.006,-0.026,26.371
2141,0.196,-0.502,10.064,-0.012,0.007,-0.026,26.367
2151,0.201,-0.517,10.098,-0.012,0.005,-0.026,26.367
2161,0.206,-0.488,10.064,-0.012,0.007,-0.027,26.367
2171,0.263,-0.483,10.093,-0.012,0.005,-0.026,26.367
2181,0.258,-0.512,10.088,-0.012,0.005,-0.027,26.379
2191,0.254,-0.488,10.098,-0.011,0.006,-0.026,26.379
2201,0.263,-0.493,10.102,-0.012,0.007,-0.026,26.391
2211,0.244,-0.498,10.074,-0.013,0.007,-0.026,26.391
2221,0.244,-0.502,10.069,-0.012,0.006,-0.027,26.367
2231,0.196,-0.498,10.098,-0.012,0.005,-0.026,26.367
2241,0.187,-0.502,10.112,-0.012,0.005,-0.027,26.410
2251,0.201,-0.488,10.088,-0.012,0.007,-0.026,26.410
2261,0.225,-0.483,10.098,-0.012,0.007,-0.027,26.367
2271,0.215,-0.493,10.098,-0.012,0.006,-0.026,26.367
2281,0.239,-0.488,10.002,-0.012,0.007,-0.026,26.363
2291,0.263,-0.483,10.074,-0.012,0.006,-0.026,26.363
2301,0.254,-0.502,10.083,-0.013,0.006,-0.027,26.355
2311,0.258,-0.498,10.069,-0.012,0.006,-0.027,26.355
2321,0.258,-0.493,10.069,-0.013,0.006,-0.027,26.371
2331,0.244,-0.493,10.050,-0.012,0.006,-0.027,26.371
2341,0.225,-0.498,10.059,-0.012,0.005,-0.027,26.371
2351,0.196,-0.502,10.045,-0.012,0.006,-0.027,26.371
2361,0.201,-0.488,10.107,-0.012,0.005,-0.027,26.379
2371,0.196,-0.483,10.102,-0.012,0.006,-0.027,26.379
2381,0.187,-0.469,10.107,-0.011,0.006,-0.026,26.352
2391,0.215,-0.488,10.064,-0.012,0.006,-0.026,26.352
2401,0.215,-0.498,10.083,-0.012,0.006,-0.026,26.352
2411,0.249,-0.502,10.098,-0.012,0.006,-0.027,26.352
2421,0.244,-0.522,10.069,-0.012,0.006,-0.027,26.395
2431,0.263,-0.507,10.107,-0.012,0.007,-0.027,26.395
2441,0.239,-0.517,10.026,-0.012,0.007,-0.027,26.387
2451,0.239,-0.512,10.040,-0.012,0.006,-0.027,26.387
2461,0.254,-0.512,10.074,-0.013,0.005,-0.027,26.367
2471,0.268,-0.522,10.083,-0.012,0.006,-0.027,26.367
2481,0.244,-0.512,10.102,-0.012,0.005,-0.027,26.355
2491,0.234,-0.517,10.083,-0.012,0.006,-0.026,26.355
2501,0.206,-0.502,10.079,-0.012,0.006,-0.027,26.344
2511,0.215,-0.488,10.079,-0.012,0.006,-0.026,26.344
2521,0.206,-0.498,10.083,-0.012,0.006,-0.027,26.336
2531,0.220,-0.474,10.088,-0.012,0.006,-0.027,26.336
2541,0.196,-0.483,10.059,-0.012,0.006,-0.027,26.316
2551,0.215,-0.488,10.045,-0.012,0.006,-0.027,26.316
2561,0.206,-0.502,10.102,-0.013,0.005,-0.027,26.355
2571,0.220,-0.493,10.117,-0.012,0.006,-0.027,26.355
2581,0.234,-0.488,10.079,-0.012,0.006,-0.027,26.332
2591,0.239,-0.507,10.040,-0.012,0.007,-0.026,26.332
2601,0.258,-0.498,10.035,-0.012,0.006,-0.026,26.340
2611,0.278,-0.483,10.069,-0.011,0.005,-0.026,26.340
2621,0.306,-0.507,10.083,-0.013,0.005,-0.026,26.383
2631,0.268,-0.522,10.093,-0.011,0.005,-0.027,26.383
2641,0.244,-0.517,10.083,-0.012,0.006,-0.027,26.359
2651,0.201,-0.517,10.102,-0.013,0.005,-0.027,26.359
2661,0.225,-0.541,10.093,-0.012,0.005,-0.027,26.371
2671,0.211,-0.502,10.045,-0.012,0.005,-0.027,26.371
2681,0.191,-0.526,10.117,-0.013,0.005,-0.027,26.363
2691,0.201,-0.517,10.083,-0.011,0.006,-0.027,26.363
2701,0.211,-0.488,10.107,-0.011,0.005,-0.027,26.355
2711,0.220,-0.488,10.088,-0.013,0.006,-0.026,26.355
2721,0.239,-0.474,10.098,-0.011,0.006,-0.024,26.359
2731,0.239,-0.469,10.045,-0.012,0.005,-0.026,26.359
2741,0.268,-0.479,10.083,-0.012,0.005,-0.026,26.344
2751,0.254,-0.483,10.093,-0.012,0.005,-0.026,26.344
2761,0.234,-0.488,10.126,-0.012,0.006,-0.027,26.355
2771,0.239,-0.474,10.083,-0.012,0.006,-0.027,26.355
2781,0.215,-0.479,10.069,-0.012,0.006,-0.026,26.359
2791,0.225,-0.488,10.064,-0.012,0.005,-0.027,26.359
2801,0.206,-0.512,10.093,-0.012,0.005,-0.027,26.340
2811,0.220,-0.517,10.040,-0.012,0.005,-0.026,26.340
2821,0.220,-0.531,10.093,-0.012,0.006,-0.027,26.340
2831,0.215,-0.531,10.083,-0.013,0.006,-0.026,26.340
2841,0.234,-0.526,10.102,-0.012,0.006,-0.027,26.344
2851,0.249,-0.512,10.069,-0.011,0.005,-0.027,26.344
2861,0.230,-0.522,10.098,-0.011,0.006,-0.027,26.355
2871,0.225,-0.507,10.098,-0.012,0.006,-0.027,26.355
2881,0.234,-0.517,10.117,-0.012,0.006,-0.026,26.352
2891,0.225,-0.483,10.012,-0.012,0.007,-0.026,26.352
2901,0.244,-0.488,10.069,-0.012,0.006,-0.026,26.336
2911,0.239,-0.498,10.083,-0.013,0.006,-0.027,26.336
2921,0.268,-0.474,10.083,-0.012,0.006,-0.027,26.340
2931,0.258,-0.488,10.083,-0.012,0.006,-0.027,26.340
2941,0.230,-0.488,10.079,-0.012,0.006,-0.027,26.383
2951,0.225,-0.488,10.074,-0.012,0.005,-0.027,26.383
2961,0.220,-0.498,10.093,-0.012,0.004,-0.027,26.332
2971,0.215,-0.507,10.112,-0.012,0.004,-0.027,26.332
2981,0.191,-0.498,10.055,-0.012,0.006,-0.027,26.355
2991,0.225,-0.507,10.117,-0.012,0.005,-0.026,26.355
3001,0.230,-0.502,10.093,-0.012,0.006,-0.027,26.340
3011,0.220,-0.498,10.102,-0.012,0.006,-0.027,26.340
3021,0.230,-0.502,10.069,-0.012,0.007,-0.027,26.445
3031,0.239,-0.517,10.079,-0.012,0.006,-0.026,26.445
3041,0.244,-0.498,10.074,-0.011,0.006,-0.026,26.375
3051,0.206,-0.512,10.088,-0.013,0.006,-0.027,26.375
3061,0.215,-0.507,10.055,-0.012,0.006,-0.028,26.344
3081,0.249,-0.507,10.079,-0.012,0.004,-0.027,26.371
3091,0.249,-0.507,10.069,-0.012,0.005,-0.027,26.359
3101,0.258,-0.493,10.079,-0.012,0.004,-0.027,26.359
3111,0.244,-0.512,10.083,-0.012,0.004,-0.027,26.379
3121,0.234,-0.502,10.088,-0.012,0.005,-0.027,26.379
3131,0.211,-0.493,10.098,-0.012,0.004,-0.027,26.352
3141,0.220,-0.517,10.136,-0.012,0.005,-0.026,26.352
3151,0.187,-0.488,10.122,-0.012,0.006,-0.027,26.363
3161,0.182,-0.502,10.069,-0.012,0.006,-0.026,26.363
3171,0.196,-0.507,10.102,-0.012,0.006,-0.027,26.363
3181,0.215,-0.512,10.035,-0.012,0.007,-0.027,26.363
3191,0.258,-0.502,10.074,-0.012,0.006,-0.027,26.348
3201,0.273,-0.507,10.102,-0.012,0.006,-0.028,26.348
3211,0.244,-0.536,10.074,-0.011,0.006,-0.027,26.332
3221,0.258,-0.531,10.079,-0.011,0.006,-0.026,26.332
3231,0.249,-0.502,10.083,-0.012,0.006,-0.026,26.332
3241,0.234,-0.512,10.107,-0.011,0.005,-0.026,26.332
3251,0.211,-0.517,10.031,-0.012,0.006,-0.026,26.395
3261,0.234,-0.498,10.083,-0.011,0.004,-0.027,26.395
3271,0.249,-0.488,10.117,-0.012,0.006,-0.026,26.344
3281,0.249,-0.474,10.098,-0.011,0.006,-0.027,26.344
3291,0.230,-0.493,10.107,-0.012,0.005,-0.027,26.328
3301,0.201,-0.493,10.045,-0.011,0.007,-0.027,26.328
3311,0.225,-0.507,10.064,-0.012,0.006,-0.027,26.340
3321,0.206,-0.498,10.069,-0.012,0.005,-0.027,26.340
3331,0.215,-0.512,10.088,-0.012,0.004,-0.027,26.344
3341,0.201,-0.517,10.102,-0.013,0.005,-0.027,26.344
3351,0.225,-0.488,10.088,-0.012,0.006,-0.026,26.332
3361,0.230,-0.493,10.064,-0.011,0.006,-0.027,26.332
3371,0.234,-0.474,10.021,-0.011,0.006,-0.026,26.340
3381,0.244,-0.483,10.098,-0.011,0.005,-0.026,26.340
3391,0.225,-0.493,10.112,-0.012,0.005,-0.027,26.367
3401,0.258,-0.483,10.102,-0.012,0.006,-0.027,26.367
3411,0.215,-0.498,10.093,-0.012,0.007,-0.028,26.332
3421,0.220,-0.498,10.074,-0.012,0.006,-0.027,26.332
3431,0.206,-0.498,10.069,-0.012,0.006,-0.027,26.375
3441,0.211,-0.488,10.064,-0.012,0.005,-0.027,26.375
3451,0.220,-0.498,10.088,-0.013,0.006,-0.027,26.348
3461,0.211,-0.522,10.093,-0.012,0.005,-0.027,26.348
3471,0.215,-0.507,10.079,-0.012,0.006,-0.027,26.328
3481,0.220,-0.507,10.112,-0.012,0.006,-0.027,26.328
3491,0.215,-0.498,10.055,-0.012,0.007,-0.027,26.352
3501,0.254,-0.507,10.064,-0.012,0.006,-0.027,26.352
3511,0.263,-0.498,10.112,-0.012,0.006,-0.027,26.344
3521,0.254,-0.507,10.069,-0.012,0.006,-0.027,26.344
3531,0.258,-0.507,10.074,-0.013,0.005,-0.026,26.410
3541,0.220,-0.502,10.055,-0.012,0.006,-0.027,26.410
3551,0.234,-0.502,10.069,-0.012,0.005,-0.027,26.367
3561,0.206,-0.483,10.107,-0.012,0.005,-0.027,26.367
3571,0.211,-0.507,10.117,-0.012,0.005,-0.026,26.391
3581,0.206,-0.483,10.083,-0.012,0.006,-0.026,26.391
3591,0.230,-0.483,10.141,-0.012,0.005,-0.026,26.320
3601,0.201,-0.493,10.074,-0.012,0.007,-0.027,26.320
3611,0.220,-0.474,10.059,-0.011,0.007,-0.026,26.348
3621,0.254,-0.502,10.069,-0.011,0.006,-0.027,26.348
3631,0.249,-0.502,10.093,-0.012,0.006,-0.027,26.363
3641,0.254,-0.517,10.088,-0.012,0.006,-0.027,26.363
3651,0.244,-0.517,10.064,-0.012,0.006,-0.027,26.352
3661,0.239,-0.531,10.093,-0.012,0.006,-0.027,26.352
3671,0.230,-0.522,10.083,-0.012,0.006,-0.026,26.340
3681,0.220,-0.512,10.069,-0.012,0.006,-0.027,26.340
3691,0.206,-0.502,10.074,-0.012,0.006,-0.026,26.328
3701,0.244,-0.507,10.093,-0.011,0.005,-0.026,26.328
3711,0.244,-0.498,10.102,-0.012,0.006,-0.027,26.340
3721,0.230,-0.502,10.088,-0.012,0.006,-0.028,26.340
3731,0.234,-0.469,10.083,-0.012,0.006,-0.027,26.352
3741,0.211,-0.488,10.107,-0.012,0.006,-0.027,26.352
3751,0.215,-0.488,10.083,-0.011,0.006,-0.027,26.402
3761,0.234,-0.488,10.079,-0.011,0.006,-0.027,26.402
3771,0.225,-0.498,10.083,-0.012,0.006,-0.027,26.316
3781,0.249,-0.507,10.107,-0.012,0.006,-0.027,26.316
3791,0.234,-0.493,10.026,-0.012,0.006,-0.026,26.363
3801,0.268,-0.493,10.136,-0.011,0.005,-0.027,26.363
3811,0.249,-0.493,10.035,-0.013,0.005,-0.027,26.363
3821,0.287,-0.488,10.150,-0.012,0.004,-0.027,26.363
3831,0.234,-0.522,10.088,-0.011,0.005,-0.027,26.336
3841,0.220,-0.512,10.093,-0.012,0.005,-0.027,26.336
3851,0.196,-0.512,10.040,-0.012,0.006,-0.028,26.367
3861,0.182,-0.493,10.069,-0.012,0.005,-0.027,26.367
3871,0.172,-0.483,10.098,-0.013,0.005,-0.027,26.344
3881,0.211,-0.498,10.098,-0.012,0.005,-0.026,26.344
3891,0.215,-0.502,10.079,-0.011,0.006,-0.026,26.352
3901,0.244,-0.498,10.079,-0.012,0.006,-0.026,26.352
3911,0.249,-0.498,10.069,-0.012,0.005,-0.027,26.324
3921,0.258,-0.483,10.098,-0.013,0.006,-0.027,26.324
3931,0.258,-0.488,10.093,-0.013,0.006,-0.027,26.332
3941,0.225,-0.488,10.055,-0.012,0.006,-0.027,26.332
3951,0.230,-0.502,10.093,-0.012,0.005,-0.027,26.324
3961,0.220,-0.493,10.117,-0.012,0.005,-0.027,26.324
3971,0.220,-0.502,10.079,-0.013,0.006,-0.027,26.363
3981,0.201,-0.498,10.031,-0.012,0.007,-0.026,26.363
3991,0.206,-0.493,10.112,-0.012,0.005,-0.026,26.359
4001,0.215,-0.512,10.069,-0.013,0.007,-0.026,26.359
4011,0.215,-0.502,10.079,-0.012,0.005,-0.027,26.301
4021,0.230,-0.526,10.088,-0.012,0.006,-0.027,26.301
4031,0.234,-0.522,10.074,-0.012,0.005,-0.026,26.367
4041,0.244,-0.498,10.074,-0.012,0.006,-0.026,26.367
4051,0.225,-0.498,10.079,-0.012,0.006,-0.027,26.289
4061,0.230,-0.493,10.079,-0.012,0.006,-0.026,26.289
4071,0.206,-0.507,10.079,-0.011,0.005,-0.027,26.348
4081,0.187,-0.479,10.107,-0.012,0.006,-0.027,26.348
4091,0.201,-0.479,10.093,-0.012,0.005,-0.027,26.355
4101,0.201,-0.488,10.107,-0.012,0.006,-0.027,26.355
4111,0.239,-0.474,10.083,-0.012,0.006,-0.027,26.359
4121,0.230,-0.479,10.055,-0.011,0.005,-0.027,26.359
4131,0.244,-0.474,10.069,-0.012,0.006,-0.027,26.313
4141,0.239,-0.488,10.088,-0.012,0.005,-0.026,26.313
4151,0.239,-0.512,10.088,-0.013,0.006,-0.026,26.375
4161,0.239,-0.512,10.088,-0.012,0.006,-0.027,26.375
4171,0.244,-0.507,10.045,-0.012,0.006,-0.026,26.363
4181,0.254,-0.526,10.088,-0.012,0.005,-0.026,26.363
4191,0.244,-0.502,10.093,-0.012,0.006,-0.027,26.348
4201,0.220,-0.517,10.122,-0.012,0.006,-0.027,26.348
4211,0.201,-0.493,10.093,-0.012,0.007,-0.026,26.379
4221,0.215,-0.517,10.035,-0.012,0.006,-0.027,26.379
4231,0.220,-0.493,10.088,-0.012,0.005,-0.027,26.352
4241,0.220,-0.488,10.079,-0.012,0.006,-0.027,26.352
4251,0.244,-0.498,10.074,-0.012,0.005,-0.027,26.340
4261,0.249,-0.507,10.083,-0.012,0.006,-0.026,26.340
4271,0.220,-0.488,10.069,-0.012,0.006,-0.027,26.352
4281,0.244,-0.507,10.098,-0.012,0.006,-0.027,26.352
4291,0.234,-0.502,10.079,-0.012,0.006,-0.027,26.344
4301,0.220,-0.498,10.069,-0.012,0.006,-0.026,26.344
4311,0.230,-0.474,10.088,-0.011,0.006,-0.027,26.363
4321,0.225,-0.498,10.107,-0.012,0.005,-0.027,26.363
4331,0.220,-0.498,10.064,-0.012,0.005,-0.026,26.316
4341,0.230,-0.507,10.064,-0.012,0.006,-0.027,26.316
4351,0.220,-0.498,10.079,-0.013,0.006,-0.027,26.309
4361,0.191,-0.517,10.098,-0.012,0.006,-0.027,26.309
4371,0.220,-0.502,10.117,-0.012,0.006,-0.027,26.332
4381,0.230,-0.522,10.059,-0.012,0.006,-0.026,26.332
4391,0.230,-0.502,10.026,-0.011,0.006,-0.026,26.344
4401,0.292,-0.526,10.117,-0.012,0.006,-0.026,26.344
4411,0.273,-0.493,10.069,-0.013,0.006,-0.028,26.332
4421,0.297,-0.479,10.098,-0.013,0.005,-0.027,26.332
4431,0.258,-0.507,10.079,-0.012,0.006,-0.026,26.359
4441,0.215,-0.493,10.079,-0.011,0.006,-0.027,26.359
4451,0.191,-0.498,10.050,-0.012,0.006,-0.027,26.355
4461,0.177,-0.507,10.102,-0.013,0.005,-0.027,26.355
4471,0.177,-0.493,10.083,-0.013,0.005,-0.027,26.367
4481,0.182,-0.493,10.102,-0.012,0.006,-0.026,26.367
4491,0.206,-0.512,10.050,-0.012,0.006,-0.027,26.367
4511,0.268,-0.517,10.107,-0.012,0.006,-0.027,26.305
4521,0.282,-0.512,10.093,-0.012,0.006,-0.027,26.359
4531,0.258,-0.493,10.074,-0.012,0.007,-0.027,26.359
4541,0.244,-0.483,10.079,-0.013,0.006,-0.027,26.363
4551,0.249,-0.498,10.074,-0.013,0.006,-0.027,26.363
4561,0.220,-0.502,10.088,-0.012,0.006,-0.027,26.344
4571,0.211,-0.507,10.112,-0.012,0.006,-0.027,26.344
4581,0.196,-0.488,10.059,-0.012,0.006,-0.027,26.348
4591,0.225,-0.502,10.059,-0.011,0.005,-0.027,26.348
4601,0.239,-0.479,10.083,-0.012,0.005,-0.027,26.336
4611,0.249,-0.493,10.088,-0.012,0.005,-0.027,26.336
4621,0.239,-0.483,10.117,-0.012,0.004,-0.027,26.332
4631,0.215,-0.498,10.102,-0.012,0.006,-0.026,26.332
4641,0.215,-0.507,10.079,-0.012,0.006,-0.026,26.340
4651,0.201,-0.517,10.098,-0.012,0.007,-0.027,26.340
4661,0.211,-0.498,10.088,-0.011,0.007,-0.027,26.332
4671,0.215,-0.517,10.098,-0.011,0.007,-0.027,26.332
4681,0.215,-0.507,10.059,-0.011,0.009,-0.027,26.313
4691,0.234,-0.507,10.083,-0.011,0.006,-0.026,26.313
4701,0.225,-0.522,10.083,-0.012,0.007,-0.027,26.391
4711,0.249,-0.507,10.098,-0.012,0.007,-0.027,26.391
4721,0.234,-0.536,10.083,-0.012,0.009,-0.027,26.340
4731,0.239,-0.507,10.064,-0.012,0.009,-0.026,26.340
4741,0.239,-0.483,10.088,-0.012,0.007,-0.026,26.391
4751,0.206,-0.483,10.064,-0.012,0.007,-0.027,26.391
4761,0.230,-0.483,10.064,-0.012,0.005,-0.027,26.344
4771,0.239,-0.483,10.083,-0.012,0.005,-0.027,26.344
4781,0.249,-0.483,10.102,-0.012,0.006,-0.026,26.367
4791,0.239,-0.502,10.093,-0.012,0.006,-0.026,26.367
4801,0.230,-0.502,10.074,-0.012,0.005,-0.027,26.332
4811,0.244,-0.512,10.079,-0.012,0.005,-0.027,26.332
4821,0.220,-0.502,10.074,-0.011,0.005,-0.027,26.375
4831,0.215,-0.493,10.112,-0.011,0.005,-0.027,26.375
4841,0.230,-0.512,10.122,-0.010,0.006,-0.027,26.355
4851,0.201,-0.507,10.102,-0.011,0.007,-0.027,26.355
4861,0.225,-0.512,10.098,-0.011,0.006,-0.027,26.367
4871,0.215,-0.502,10.069,-0.011,0.007,-0.027,26.367
4881,0.211,-0.493,10.122,-0.010,0.006,-0.027,26.383
4891,0.191,-0.479,10.122,-0.005,0.006,-0.026,26.383
4901,0.177,-0.464,10.064,0.000,0.004,-0.023,26.367
4911,-0.211,-0.115,10.112,-0.010,-0.004,-0.021,26.367
4921,0.699,-0.727,10.035,-0.018,-0.002,0.005,26.387
4931,0.483,-0.675,10.031,-0.018,0.011,-0.032,26.387
4941,0.215,-0.388,10.079,-0.015,0.007,-0.023,26.348
4951,0.244,-0.493,10.040,-0.015,0.001,-0.028,26.348
4961,0.230,-0.526,10.160,-0.015,0.004,-0.027,26.340
4971,0.167,-0.636,10.055,-0.020,0.004,-0.027,26.340
4981,0.182,-0.426,10.174,-0.001,0.016,-0.028,26.367
4991,0.158,-0.546,10.050,-0.009,0.011,-0.028,26.367
5001,0.139,-0.565,10.146,-0.009,0.009,-0.028,26.438
5011,0.177,-0.502,10.050,-0.004,0.010,-0.027,26.438
5021,0.249,-0.474,10.021,-0.006,0.009,-0.026,26.355
5031,0.244,-0.464,10.107,-0.013,0.009,-0.024,26.355
5041,0.278,-0.522,10.012,-0.018,0.007,-0.024,26.410
5051,0.368,-0.613,10.074,-0.013,0.011,-0.026,26.410
5061,0.191,-0.345,10.069,-0.006,0.006,-0.034,26.391
5071,0.225,-0.526,10.083,-0.009,0.004,-0.027,26.391
5081,0.234,-0.498,10.069,-0.006,0.002,-0.027,26.355
5091,0.220,-0.464,10.126,-0.006,0.001,-0.028,26.355
5101,0.201,-0.445,10.093,-0.006,0.004,-0.028,26.336
5111,0.220,-0.431,10.074,-0.009,0.004,-0.027,26.336
5121,0.196,-0.493,10.141,-0.016,0.009,-0.024,26.371
5131,0.206,-0.517,10.117,-0.016,0.007,-0.026,26.371
5141,0.220,-0.512,10.083,-0.015,0.007,-0.026,26.340
5151,0.234,-0.526,10.074,-0.012,0.006,-0.026,26.340
5161,0.230,-0.498,10.064,-0.011,0.005,-0.027,26.379
5171,0.239,-0.502,10.050,-0.011,0.005,-0.027,26.379
5181,0.249,-0.488,10.088,-0.012,0.005,-0.027,26.352
5191,0.263,-0.502,10.179,-0.013,0.006,-0.026,26.352
5201,0.234,-0.517,10.016,-0.012,0.007,-0.027,26.379
5211,0.239,-0.498,10.074,-0.011,0.005,-0.027,26.379
5221,0.225,-0.502,10.074,-0.011,0.006,-0.027,26.344
5231,0.196,-0.488,10.074,-0.011,0.006,-0.026,26.344
5241,0.196,-0.498,10.088,-0.012,0.005,-0.027,26.355
5251,0.215,-0.498,10.107,-0.013,0.006,-0.027,26.355
5261,0.215,-0.502,10.112,-0.013,0.005,-0.026,26.336
5271,0.187,-0.493,10.098,-0.012,0.006,-0.027,26.336
5281,0.220,-0.488,10.098,-0.012,0.006,-0.027,26.352
5291,0.196,-0.493,10.055,-0.012,0.005,-0.026,26.352
5301,0.206,-0.474,10.136,-0.012,0.005,-0.027,26.348
5311,0.220,-0.498,10.088,-0.012,0.006,-0.026,26.348
5321,0.215,-0.474,10.031,-0.011,0.006,-0.024,26.359
5331,0.254,-0.469,10.079,-0.012,0.006,-0.027,26.359
5341,0.244,-0.493,10.088,-0.012,0.005,-0.027,26.387
5351,0.258,-0.498,10.083,-0.012,0.006,-0.027,26.387
5361,0.234,-0.488,10.112,-0.012,0.005,-0.027,26.418
5371,0.239,-0.507,10.117,-0.012,0.005,-0.027,26.418
5381,0.215,-0.498,10.055,-0.011,0.007,-0.027,26.387
5391,0.220,-0.483,10.079,-0.011,0.005,-0.027,26.387
5401,0.225,-0.512,10.083,-0.011,0.005,-0.027,26.363
5411,0.220,-0.507,10.098,-0.012,0.005,-0.027,26.363
5421,0.225,-0.522,10.079,-0.011,0.006,-0.027,26.371
5431,0.220,-0.493,10.131,-0.012,0.005,-0.027,26.371
5441,0.230,-0.493,10.079,-0.012,0.006,-0.027,26.402
5451,0.230,-0.488,10.079,-0.012,0.006,-0.027,26.402
5461,0.225,-0.474,10.088,-0.012,0.006,-0.027,26.375
5471,0.249,-0.479,10.064,-0.013,0.006,-0.027,26.375
5481,0.249,-0.469,10.098,-0.012,0.006,-0.026,26.398
5491,0.244,-0.474,10.098,-0.012,0.006,-0.026,26.398
5501,0.254,-0.498,10.079,-0.012,0.005,-0.027,26.371
5511,0.239,-0.469,10.088,-0.012,0.005,-0.027,26.371
5521,0.234,-0.498,10.093,-0.012,0.006,-0.026,26.383
5531,0.211,-0.522,10.098,-0.013,0.005,-0.027,26.383
5541,0.206,-0.498,10.083,-0.013,0.005,-0.027,26.387
5551,0.206,-0.512,10.098,-0.012,0.005,-0.027,26.387
5561,0.201,-0.541,10.012,-0.012,0.007,-0.027,26.395
5571,0.215,-0.522,10.083,-0.011,0.004,-0.027,26.395
5581,0.249,-0.498,10.112,-0.012,0.005,-0.028,26.348
5591,0.268,-0.479,10.098,-0.012,0.005,-0.027,26.348
5601,0.249,-0.488,10.102,-0.012,0.006,-0.027,26.344
5611,0.249,-0.483,10.079,-0.012,0.006,-0.026,26.344
5621,0.244,-0.483,10.064,-0.013,0.005,-0.027,26.371
5631,0.220,-0.507,10.069,-0.012,0.004,-0.027,26.371
5641,0.234,-0.507,10.050,-0.011,0.002,-0.027,26.402
5651,0.230,-0.483,10.093,-0.012,0.002,-0.027,26.402
5661,0.249,-0.469,10.146,-0.011,0.004,-0.027,26.344
5671,0.211,-0.498,10.174,-0.012,0.005,-0.027,26.344
5681,0.187,-0.512,10.155,-0.013,0.006,-0.026,26.414
5691,0.167,-0.512,9.949,-0.012,0.009,-0.026,26.414
5701,0.196,-0.502,10.045,-0.012,0.006,-0.027,26.371
5711,0.244,-0.498,10.150,-0.012,0.005,-0.027,26.371
5721,0.287,-0.502,10.074,-0.012,0.005,-0.026,26.395
5731,0.301,-0.479,10.107,-0.011,0.005,-0.027,26.395
5741,0.297,-0.474,10.141,-0.012,0.007,-0.027,26.340
5751,0.278,-0.488,10.059,-0.012,0.007,-0.028,26.340
5761,0.230,-0.474,10.016,-0.011,0.006,-0.027,26.355
5771,0.239,-0.493,10.088,-0.012,0.005,-0.027,26.355
5781,0.239,-0.493,10.102,-0.012,0.005,-0.027,26.348
5791,0.206,-0.502,10.102,-0.012,0.004,-0.026,26.348
5801,0.163,-0.512,10.136,-0.012,0.005,-0.027,26.332
5811,0.153,-0.536,10.146,-0.012,0.006,-0.027,26.332
5821,0.187,-0.498,10.040,-0.011,0.007,-0.026,26.371
5831,0.201,-0.512,10.031,-0.011,0.005,-0.027,26.371
5841,0.206,-0.517,10.079,-0.012,0.005,-0.027,26.355
5851,0.263,-0.502,10.088,-0.012,0.005,-0.027,26.355
5861,0.278,-0.488,10.098,-0.011,0.004,-0.027,26.387
5871,0.287,-0.488,10.083,-0.011,0.005,-0.027,26.387
5881,0.249,-0.474,10.098,-0.012,0.006,-0.027,26.336
5901,0.215,-0.455,10.088,-0.012,0.006,-0.026,26.332
5911,0.187,-0.459,10.088,-0.012,0.005,-0.026,26.359
5921,0.196,-0.479,10.102,-0.012,0.005,-0.027,26.359
5931,0.191,-0.507,10.107,-0.013,0.006,-0.027,26.379
5941,0.187,-0.531,10.102,-0.012,0.006,-0.027,26.379
5951,0.191,-0.541,10.083,-0.012,0.005,-0.027,26.375
5961,0.215,-0.526,10.088,-0.013,0.006,-0.027,26.375
5971,0.211,-0.550,10.136,-0.012,0.006,-0.026,26.391
5981,0.215,-0.541,10.050,-0.012,0.007,-0.027,26.391
5991,0.244,-0.526,10.107,-0.012,0.005,-0.027,26.324
6001,0.301,-0.502,10.098,-0.013,0.006,-0.027,26.324
6011,0.287,-0.474,10.074,-0.012,0.006,-0.026,26.332
6021,0.273,-0.469,10.136,-0.012,0.005,-0.027,26.332
6031,0.225,-0.464,10.074,-0.012,0.005,-0.027,26.352
6041,0.239,-0.455,10.083,-0.012,0.006,-0.028,26.352
6051,0.206,-0.440,10.098,-0.012,0.005,-0.028,26.371
6061,0.177,-0.469,10.122,-0.013,0.004,-0.027,26.371
6071,0.187,-0.455,10.098,-0.013,0.005,-0.027,26.340
6081,0.182,-0.483,10.069,-0.013,0.005,-0.026,26.340
6091,0.220,-0.493,10.107,-0.013,0.004,-0.027,26.336
6101,0.230,-0.502,10.098,-0.013,0.005,-0.027,26.336
6111,0.258,-0.517,10.093,-0.013,0.005,-0.027,26.348
6121,0.249,-0.555,10.093,-0.013,0.006,-0.027,26.348
6131,0.244,-0.565,10.088,-0.012,0.005,-0.028,26.398
6141,0.254,-0.536,10.083,-0.012,0.006,-0.027,26.398
6151,0.230,-0.522,10.045,-0.012,0.005,-0.027,26.332
6161,0.220,-0.493,10.064,-0.012,0.004,-0.027,26.332
6171,0.206,-0.493,10.117,-0.013,0.005,-0.027,26.359
6181,0.211,-0.502,10.126,-0.012,0.005,-0.027,26.359
6191,0.225,-0.469,10.098,-0.012,0.006,-0.024,26.367
6201,0.215,-0.450,10.069,-0.012,0.006,-0.026,26.367
6211,0.249,-0.455,10.069,-0.012,0.005,-0.028,26.344
6221,0.244,-0.464,10.098,-0.012,0.005,-0.028,26.344
6231,0.239,-0.493,10.079,-0.012,0.006,-0.026,26.336
6241,0.249,-0.502,10.064,-0.013,0.006,-0.027,26.336
6251,0.258,-0.502,10.122,-0.012,0.005,-0.027,26.379
6261,0.234,-0.502,10.069,-0.012,0.006,-0.026,26.379
6271,0.234,-0.522,10.093,-0.012,0.004,-0.026,26.293
6281,0.215,-0.522,10.122,-0.012,0.006,-0.027,26.293
6291,0.215,-0.526,10.050,-0.012,0.005,-0.027,26.355
6301,0.244,-0.502,10.131,-0.013,0.004,-0.026,26.355
6311,0.230,-0.512,10.074,-0.012,0.006,-0.027,26.355
6321,0.220,-0.507,10.088,-0.012,0.005,-0.027,26.355
6331,0.230,-0.507,10.117,-0.012,0.005,-0.027,26.355
6341,0.234,-0.502,10.107,-0.011,0.006,-0.028,26.355
6351,0.234,-0.483,10.088,-0.012,0.007,-0.027,26.344
6361,0.230,-0.455,10.083,-0.012,0.007,-0.026,26.344
6371,0.220,-0.459,10.083,-0.012,0.006,-0.027,26.348
6381,0.234,-0.464,10.040,-0.011,0.006,-0.026,26.348
6391,0.263,-0.464,10.074,-0.011,0.006,-0.027,26.344
6401,0.254,-0.488,10.107,-0.012,0.006,-0.026,26.344
6411,0.234,-0.488,10.093,-0.012,0.006,-0.027,26.352
6421,0.225,-0.493,10.098,-0.012,0.007,-0.026,26.352
6431,0.244,-0.498,10.079,-0.012,0.007,-0.027,26.352
6441,0.211,-0.526,10.074,-0.012,0.007,-0.027,26.352
6451,0.234,-0.507,10.117,-0.013,0.007,-0.026,26.336
6461,0.196,-0.531,10.112,-0.012,0.007,-0.026,26.336
6471,0.191,-0.531,10.088,-0.012,0.007,-0.026,26.359
6481,0.211,-0.512,10.102,-0.012,0.007,-0.026,26.359
6491,0.220,-0.493,10.069,-0.012,0.007,-0.027,26.344
6501,0.263,-0.483,10.002,-0.012,0.007,-0.027,26.344
6511,0.301,-0.493,10.107,-0.013,0.006,-0.027,26.387
6521,0.278,-0.507,10.064,-0.012,0.006,-0.027,26.387
6531,0.278,-0.493,10.112,-0.013,0.005,-0.027,26.375
6541,0.254,-0.483,10.064,-0.013,0.006,-0.027,26.375
6551,0.230,-0.483,10.079,-0.013,0.006,-0.027,26.332
6561,0.191,-0.502,10.059,-0.012,0.006,-0.027,26.332
6571,0.201,-0.483,10.098,-0.013,0.005,-0.027,26.375
6581,0.215,-0.502,10.117,-0.012,0.005,-0.026,26.375
6591,0.182,-0.493,10.093,-0.012,0.006,-0.027,26.375
6601,0.230,-0.498,10.093,-0.012,0.005,-0.027,26.375
6611,0.234,-0.512,10.059,-0.011,0.006,-0.026,26.363
6621,0.220,-0.512,10.079,-0.012,0.006,-0.026,26.363
6631,0.249,-0.507,10.088,-0.013,0.005,-0.027,26.332
6641,0.254,-0.483,10.064,-0.012,0.006,-0.027,26.332
6651,0.258,-0.498,10.122,-0.012,0.005,-0.027,26.367
6661,0.215,-0.526,10.069,-0.013,0.005,-0.027,26.367
6671,0.220,-0.507,10.064,-0.012,0.005,-0.027,26.352
6681,0.239,-0.493,10.064,-0.012,0.005,-0.027,26.352
6691,0.244,-0.474,10.079,-0.012,0.005,-0.026,26.320
6701,0.258,-0.474,10.131,-0.012,0.005,-0.026,26.320
6711,0.225,-0.483,10.102,-0.012,0.005,-0.026,26.402
6721,0.225,-0.474,10.093,-0.012,0.005,-0.026,26.402
6731,0.206,-0.488,10.079,-0.012,0.006,-0.026,26.359
6741,0.196,-0.502,10.117,-0.012,0.006,-0.027,26.359
6751,0.211,-0.498,10.098,-0.012,0.006,-0.027,26.344
6761,0.211,-0.507,10.083,-0.012,0.006,-0.027,26.344
6771,0.249,-0.507,10.059,-0.012,0.006,-0.027,26.340
6781,0.268,-0.522,10.098,-0.012,0.005,-0.027,26.340
6791,0.254,-0.512,10.069,-0.012,0.006,-0.027,26.305
6801,0.258,-0.502,10.102,-0.012,0.005,-0.027,26.305
6811,0.249,-0.517,10.126,-0.012,0.006,-0.026,26.344
6821,0.225,-0.479,10.045,-0.012,0.006,-0.026,26.344
6831,0.230,-0.483,10.069,-0.011,0.006,-0.026,26.375
6841,0.225,-0.459,10.074,-0.012,0.005,-0.027,26.375
6851,0.215,-0.464,10.136,-0.012,0.005,-0.027,26.344
6861,0.225,-0.479,10.102,-0.012,0.005,-0.027,26.344
6871,0.230,-0.469,10.088,-0.012,0.005,-0.027,26.355
6881,0.225,-0.479,10.083,-0.012,0.006,-0.027,26.355
6891,0.225,-0.488,10.064,-0.013,0.006,-0.027,26.344
6901,0.239,-0.512,10.064,-0.012,0.006,-0.027,26.344
6911,0.220,-0.512,10.079,-0.011,0.005,-0.027,26.383
6921,0.254,-0.507,10.093,-0.012,0.005,-0.027,26.383
6931,0.239,-0.512,10.079,-0.012,0.005,-0.026,26.336
6941,0.215,-0.526,10.107,-0.011,0.005,-0.027,26.336
6951,0.230,-0.517,10.074,-0.012,0.006,-0.027,26.367
6961,0.230,-0.526,10.088,-0.012,0.005,-0.027,26.367
6971,0.206,-0.498,10.088,-0.012,0.005,-0.027,26.363
6981,0.225,-0.488,10.069,-0.012,0.005,-0.027,26.363
6991,0.239,-0.488,10.074,-0.012,0.005,-0.027,26.367
7001,0.225,-0.488,10.126,-0.012,0.005,-0.026,26.367
7011,0.220,-0.474,10.107,-0.013,0.007,-0.026,26.391
7021,0.230,-0.459,10.074,-0.012,0.007,-0.027,26.391
7031,0.225,-0.474,10.141,-0.012,0.006,-0.027,26.367
7041,0.211,-0.469,10.098,-0.012,0.007,-0.027,26.367
7051,0.215,-0.469,9.964,-0.012,0.007,-0.026,26.363
7061,0.225,-0.479,10.007,-0.012,0.006,-0.027,26.363
7071,0.263,-0.488,10.069,-0.012,0.004,-0.027,26.355
7081,0.301,-0.541,10.174,-0.013,0.002,-0.028,26.355
7091,0.273,-0.531,10.198,-0.013,0.005,-0.027,26.418
7101,0.225,-0.541,10.083,-0.012,0.007,-0.027,26.418
7111,0.201,-0.517,10.002,-0.012,0.009,-0.027,26.344
7121,0.163,-0.522,10.059,-0.012,0.006,-0.027,26.344
7131,0.153,-0.498,10.083,-0.012,0.005,-0.027,26.387
7141,0.201,-0.512,10.088,-0.011,0.005,-0.027,26.387
7151,0.215,-0.493,10.112,-0.012,0.006,-0.026,26.348
7161,0.234,-0.479,10.131,-0.012,0.004,-0.026,26.348
7171,0.244,-0.455,10.088,-0.012,0.007,-0.026,26.387
7181,0.287,-0.450,10.055,-0.012,0.006,-0.028,26.387
7191,0.297,-0.450,10.146,-0.013,0.005,-0.027,26.398
7201,0.292,-0.450,9.997,-0.012,0.006,-0.027,26.398
7211,0.273,-0.479,10.064,-0.012,0.004,-0.027,26.359
7221,0.249,-0.488,10.122,-0.012,0.002,-0.028,26.359
7231,0.220,-0.531,10.122,-0.012,0.004,-0.028,26.340
7241,0.196,-0.517,10.093,-0.012,0.006,-0.027,26.340
7251,0.167,-0.522,10.126,-0.012,0.005,-0.026,26.344
7261,0.177,-0.512,10.069,-0.013,0.006,-0.026,26.344
7281,0.234,-0.502,10.069,-0.012,0.007,-0.026,26.348
7291,0.254,-0.507,10.059,-0.012,0.006,-0.027,26.348
7301,0.292,-0.488,10.098,-0.012,0.006,-0.027,26.359
7311,0.273,-0.507,10.093,-0.012,0.005,-0.028,26.359
7321,0.263,-0.507,10.102,-0.012,0.006,-0.027,26.371
7331,0.258,-0.498,10.040,-0.012,0.007,-0.028,26.371
7341,0.234,-0.502,10.079,-0.012,0.006,-0.027,26.395
7351,0.220,-0.507,10.112,-0.012,0.005,-0.027,26.395
7361,0.220,-0.474,10.016,-0.012,0.006,-0.026,26.336
7371,0.234,-0.498,10.136,-0.012,0.006,-0.026,26.336
7381,0.230,-0.483,10.107,-0.012,0.006,-0.026,26.352
7391,0.234,-0.498,10.117,-0.012,0.006,-0.026,26.352
7401,0.215,-0.474,10.083,-0.012,0.007,-0.027,26.371
7411,0.225,-0.493,10.040,-0.010,0.006,-0.027,26.371
7421,0.249,-0.474,10.064,-0.012,0.005,-0.026,26.336
7431,0.254,-0.493,10.007,-0.012,0.005,-0.027,26.336
7441,0.278,-0.498,10.193,-0.013,0.004,-0.028,26.379
7451,0.254,-0.517,10.079,-0.012,0.005,-0.027,26.379
7461,0.225,-0.512,10.088,-0.012,0.006,-0.027,26.367
7471,0.215,-0.522,10.083,-0.012,0.006,-0.027,26.367
7481,0.182,-0.526,10.059,-0.012,0.006,-0.027,26.402
7491,0.215,-0.517,10.098,-0.013,0.005,-0.027,26.402
7501,0.230,-0.507,10.112,-0.012,0.004,-0.026,26.387
7511,0.239,-0.502,10.122,-0.012,0.007,-0.027,26.387
7521,0.234,-0.455,10.098,-0.013,0.007,-0.027,26.352
7531,0.239,-0.450,10.088,-0.013,0.006,-0.027,26.352
7541,0.249,-0.455,10.050,-0.012,0.005,-0.027,26.406
7551,0.244,-0.459,10.069,-0.012,0.005,-0.027,26.406
7561,0.239,-0.459,10.112,-0.012,0.005,-0.027,26.348
7571,0.239,-0.464,10.064,-0.012,0.006,-0.027,26.348
7581,0.244,-0.474,10.064,-0.012,0.006,-0.027,26.348
7591,0.249,-0.498,10.126,-0.012,0.004,-0.027,26.348
7601,0.234,-0.507,10.126,-0.012,0.005,-0.026,26.340
7611,0.225,-0.531,10.083,-0.012,0.006,-0.026,26.340
7621,0.215,-0.536,10.079,-0.011,0.006,-0.026,26.324
7631,0.230,-0.512,10.059,-0.012,0.005,-0.026,26.324
7641,0.215,-0.512,10.059,-0.012,0.005,-0.026,26.332
7651,0.254,-0.507,10.083,-0.012,0.005,-0.027,26.332
7661,0.234,-0.507,10.107,-0.012,0.005,-0.027,26.344
7671,0.249,-0.507,10.069,-0.013,0.006,-0.027,26.344
7681,0.230,-0.488,10.098,-0.012,0.006,-0.028,26.348
7691,0.249,-0.464,10.126,-0.012,0.005,-0.027,26.348
7701,0.230,-0.479,10.088,-0.013,0.006,-0.027,26.363
7711,0.225,-0.459,10.064,-0.012,0.006,-0.026,26.363
7721,0.225,-0.483,10.088,-0.012,0.006,-0.026,26.383
7731,0.234,-0.455,10.088,-0.012,0.005,-0.027,26.383
7741,0.249,-0.464,10.093,-0.012,0.006,-0.027,26.332
7751,0.254,-0.498,10.107,-0.012,0.005,-0.027,26.332
7761,0.249,-0.512,10.107,-0.012,0.006,-0.027,26.336
7771,0.234,-0.502,10.088,-0.012,0.006,-0.027,26.336
7781,0.230,-0.512,10.112,-0.012,0.006,-0.027,26.340
7791,0.206,-0.517,10.098,-0.012,0.006,-0.028,26.340
7801,0.225,-0.517,10.012,-0.012,0.006,-0.027,26.348
7811,0.249,-0.531,10.112,-0.012,0.005,-0.026,26.348
7821,0.249,-0.517,10.074,-0.013,0.005,-0.026,26.348
7831,0.263,-0.498,10.102,-0.013,0.005,-0.026,26.348
7841,0.244,-0.507,10.074,-0.012,0.006,-0.027,26.391
7851,0.249,-0.493,10.107,-0.012,0.006,-0.027,26.391
7861,0.254,-0.455,10.074,-0.012,0.006,-0.027,26.422
7871,0.249,-0.464,10.098,-0.011,0.006,-0.028,26.422
7881,0.239,-0.474,10.088,-0.011,0.006,-0.027,26.363
7891,0.225,-0.450,10.074,-0.011,0.007,-0.027,26.363
7901,0.234,-0.469,10.026,-0.012,0.007,-0.027,26.383
7911,0.234,-0.479,10.098,-0.012,0.005,-0.027,26.383
7921,0.234,-0.493,10.122,-0.012,0.005,-0.027,26.348
7931,0.225,-0.498,10.069,-0.012,0.006,-0.027,26.348
7941,0.249,-0.512,10.079,-0.011,0.006,-0.027,26.383
7951,0.230,-0.507,10.074,-0.012,0.006,-0.027,26.383
7961,0.239,-0.531,10.069,-0.011,0.006,-0.027,26.340
7971,0.254,-0.531,10.098,-0.013,0.005,-0.027,26.340
7981,0.239,-0.522,10.088,-0.012,0.005,-0.027,26.375
7991,0.230,-0.522,10.093,-0.012,0.006,-0.026,26.375
8001,0.225,-0.493,10.107,-0.012,0.006,-0.027,26.348
8011,0.215,-0.502,10.079,-0.012,0.006,-0.027,26.348
8021,0.211,-0.502,10.064,-0.011,0.006,-0.026,26.391
8031,0.220,-0.469,10.083,-0.011,0.006,-0.027,26.391
8041,0.268,-0.459,10.088,-0.012,0.006,-0.027,26.371
8051,0.258,-0.469,10.088,-0.012,0.006,-0.027,26.371
8061,0.273,-0.479,10.107,-0.012,0.005,-0.027,26.320
8071,0.268,-0.493,10.088,-0.013,0.005,-0.027,26.320
8081,0.249,-0.493,10.050,-0.012,0.005,-0.027,26.375
8091,0.239,-0.507,10.117,-0.013,0.004,-0.027,26.375
8101,0.211,-0.526,10.069,-0.013,0.005,-0.026,26.395
8111,0.234,-0.498,10.141,-0.012,0.005,-0.027,26.395
8121,0.206,-0.488,10.098,-0.012,0.005,-0.026,26.320
8131,0.206,-0.493,10.093,-0.012,0.006,-0.026,26.320
8141,0.191,-0.474,10.102,-0.012,0.006,-0.026,26.352
8151,0.211,-0.464,10.069,-0.012,0.006,-0.026,26.352
8161,0.239,-0.479,10.069,-0.011,0.005,-0.027,26.332
8171,0.263,-0.502,10.093,-0.012,0.006,-0.027,26.332
8181,0.263,-0.507,10.083,-0.012,0.006,-0.026,26.395
8191,0.268,-0.522,10.098,-0.012,0.006,-0.026,26.395
8201,0.268,-0.517,10.069,-0.012,0.006,-0.027,26.371
8211,0.215,-0.498,10.088,-0.012,0.005,-0.027,26.371
8221,0.215,-0.522,10.055,-0.012,0.006,-0.027,26.324
8231,0.234,-0.493,10.107,-0.011,0.005,-0.026,26.324
8241,0.225,-0.507,10.083,-0.012,0.006,-0.026,26.359
8251,0.215,-0.455,10.064,-0.011,0.007,-0.026,26.359
8261,0.254,-0.464,10.079,-0.012,0.005,-0.027,26.363
8271,0.249,-0.464,10.098,-0.013,0.006,-0.027,26.363
8281,0.244,-0.450,10.083,-0.012,0.006,-0.027,26.355
8291,0.225,-0.455,10.088,-0.012,0.005,-0.028,26.355
8301,0.234,-0.469,10.122,-0.012,0.005,-0.027,26.332
8311,0.225,-0.502,10.102,-0.012,0.005,-0.026,26.332
8321,0.211,-0.498,10.093,-0.011,0.006,-0.027,26.359
8331,0.225,-0.522,10.102,-0.013,0.006,-0.026,26.359
8341,0.201,-0.526,10.050,-0.012,0.007,-0.026,26.328
8351,0.230,-0.531,10.079,-0.011,0.006,-0.026,26.328
8361,0.230,-0.541,10.055,-0.012,0.006,-0.026,26.355
8371,0.230,-0.541,10.098,-0.013,0.005,-0.026,26.355
8381,0.239,-0.517,10.069,-0.012,0.005,-0.026,26.395
8391,0.263,-0.517,10.102,-0.012,0.005,-0.026,26.395
8401,0.263,-0.488,10.098,-0.012,0.005,-0.026,26.320
8411,0.220,-0.445,10.079,-0.012,0.006,-0.026,26.320
8421,0.230,-0.435,10.102,-0.012,0.004,-0.027,26.363
8431,0.254,-0.445,10.079,-0.012,0.004,-0.027,26.363
8441,0.220,-0.455,10.074,-0.012,0.005,-0.026,26.375
8451,0.225,-0.464,10.160,-0.012,0.005,-0.027,26.375
8461,0.201,-0.469,10.002,-0.013,0.006,-0.026,26.348
8471,0.211,-0.507,10.169,-0.013,0.005,-0.026,26.348
8481,0.230,-0.526,10.107,-0.012,0.006,-0.026,26.332
8491,0.215,-0.507,10.064,-0.012,0.006,-0.026,26.332
8501,0.230,-0.526,10.093,-0.012,0.006,-0.027,26.359
8511,0.239,-0.522,10.059,-0.012,0.006,-0.026,26.359
8521,0.225,-0.522,10.107,-0.013,0.005,-0.026,26.391
8531,0.244,-0.512,10.069,-0.012,0.005,-0.027,26.391
8541,0.239,-0.507,10.083,-0.012,0.005,-0.028,26.391
8551,0.254,-0.507,10.035,-0.012,0.006,-0.027,26.391
8561,0.254,-0.474,10.169,-0.012,0.005,-0.026,26.344
8571,0.230,-0.479,10.069,-0.012,0.005,-0.027,26.344
8581,0.254,-0.455,10.102,-0.011,0.005,-0.027,26.379
8591,0.239,-0.450,10.059,-0.012,0.006,-0.027,26.379
8601,0.220,-0.483,10.102,-0.012,0.005,-0.027,26.379
8611,0.225,-0.474,10.112,-0.012,0.006,-0.027,26.379
8621,0.206,-0.493,10.131,-0.013,0.006,-0.027,26.406
8631,0.220,-0.488,10.088,-0.012,0.007,-0.026,26.406
8641,0.239,-0.488,9.992,-0.011,0.007,-0.027,26.398
8651,0.268,-0.526,10.112,-0.012,0.005,-0.026,26.398
8661,0.249,-0.536,10.031,-0.012,0.005,-0.027,26.359
8671,0.239,-0.546,10.093,-0.013,0.004,-0.027,26.359
8691,0.249,-0.507,10.083,-0.011,0.006,-0.027,26.328
8701,0.211,-0.474,10.074,-0.012,0.006,-0.026,26.328
8711,0.230,-0.474,10.098,-0.011,0.006,-0.027,26.359
8721,0.215,-0.479,10.064,-0.011,0.006,-0.027,26.359
8731,0.220,-0.474,10.131,-0.012,0.005,-0.027,26.379
8741,0.244,-0.479,10.079,-0.013,0.006,-0.026,26.379
8751,0.230,-0.474,10.107,-0.012,0.006,-0.027,26.355
8761,0.230,-0.483,10.122,-0.012,0.006,-0.026,26.355
8771,0.220,-0.502,10.045,-0.013,0.006,-0.027,26.355
8781,0.220,-0.502,10.069,-0.011,0.005,-0.027,26.355
8791,0.239,-0.498,10.098,-0.012,0.005,-0.027,26.363
8801,0.244,-0.502,10.059,-0.012,0.005,-0.026,26.363
8811,0.258,-0.507,10.093,-0.012,0.005,-0.027,26.379
8821,0.268,-0.502,10.112,-0.012,0.005,-0.027,26.379
8831,0.244,-0.502,10.069,-0.012,0.006,-0.027,26.332
8841,0.258,-0.502,10.045,-0.012,0.006,-0.027,26.332
8851,0.230,-0.498,10.088,-0.012,0.006,-0.027,26.391
8861,0.230,-0.483,10.126,-0.012,0.006,-0.026,26.391
8871,0.201,-0.474,10.088,-0.012,0.007,-0.027,26.383
8881,0.211,-0.469,10.083,-0.012,0.007,-0.027,26.383
8891,0.215,-0.498,10.098,-0.013,0.007,-0.027,26.336
8901,0.196,-0.479,10.059,-0.013,0.007,-0.027,26.336
8911,0.206,-0.479,10.074,-0.012,0.007,-0.027,26.371
8921,0.249,-0.502,10.026,-0.012,0.007,-0.027,26.371
8931,0.249,-0.502,10.098,-0.013,0.004,-0.027,26.371
8941,0.258,-0.536,10.126,-0.012,0.005,-0.027,26.371
8951,0.273,-0.526,10.112,-0.012,0.006,-0.026,26.371
8961,0.278,-0.522,10.069,-0.011,0.007,-0.026,26.371
8971,0.263,-0.502,10.055,-0.011,0.007,-0.026,26.352
8981,0.230,-0.502,10.093,-0.012,0.007,-0.027,26.352
8991,0.215,-0.498,10.079,-0.011,0.007,-0.026,26.367
9001,0.211,-0.488,10.074,-0.011,0.006,-0.027,26.367
9011,0.206,-0.483,10.126,-0.011,0.006,-0.027,26.379
9021,0.220,-0.474,10.117,-0.011,0.006,-0.027,26.379
9031,0.220,-0.469,10.102,-0.011,0.007,-0.026,26.344
9041,0.230,-0.479,10.050,-0.011,0.009,-0.026,26.344
9051,0.244,-0.479,10.088,-0.011,0.007,-0.026,26.355
9061,0.278,-0.483,10.026,-0.011,0.007,-0.026,26.355
9071,0.278,-0.498,10.074,-0.012,0.006,-0.026,26.363
9081,0.278,-0.507,10.064,-0.012,0.005,-0.026,26.363
9091,0.254,-0.522,10.093,-0.012,0.005,-0.026,26.359
9101,0.244,-0.565,10.098,-0.012,0.006,-0.027,26.359
9111,0.220,-0.526,10.050,-0.012,0.006,-0.027,26.395
9121,0.211,-0.560,10.069,-0.012,0.006,-0.027,26.395
9131,0.225,-0.526,10.093,-0.012,0.005,-0.027,26.336
9141,0.220,-0.507,10.074,-0.012,0.005,-0.027,26.336
9151,0.220,-0.502,10.059,-0.012,0.005,-0.027,26.332
9161,0.234,-0.459,10.131,-0.012,0.005,-0.027,26.332
9171,0.234,-0.455,10.107,-0.012,0.006,-0.027,26.352
9181,0.230,-0.431,10.117,-0.012,0.006,-0.027,26.352
9191,0.230,-0.431,10.093,-0.011,0.006,-0.027,26.375
9201,0.239,-0.440,10.069,-0.012,0.007,-0.027,26.375
9211,0.258,-0.459,10.112,-0.012,0.006,-0.027,26.348
9221,0.249,-0.493,10.069,-0.012,0.007,-0.027,26.348
9231,0.220,-0.498,10.064,-0.013,0.006,-0.027,26.355
9241,0.244,-0.493,10.083,-0.012,0.006,-0.027,26.355
9251,0.254,-0.546,10.122,-0.012,0.005,-0.026,26.348
9261,0.234,-0.550,10.035,-0.012,0.009,-0.026,26.348
9271,0.273,-0.531,10.074,-0.012,0.007,-0.026,26.359
9281,0.263,-0.536,10.064,-0.012,0.006,-0.027,26.359
9291,0.263,-0.517,10.050,-0.012,0.005,-0.027,26.328
9301,0.244,-0.498,10.122,-0.013,0.005,-0.027,26.328
9311,0.220,-0.483,10.093,-0.013,0.006,-0.027,26.363
9321,0.201,-0.464,10.098,-0.012,0.006,-0.027,26.363
9331,0.163,-0.459,10.131,-0.012,0.007,-0.027,26.371
9341,0.187,-0.445,10.112,-0.013,0.006,-0.026,26.371
9351,0.220,-0.455,10.079,-0.012,0.007,-0.026,26.367
9361,0.230,-0.450,10.050,-0.011,0.006,-0.027,26.367
9371,0.268,-0.464,10.107,-0.012,0.006,-0.026,26.387
9381,0.278,-0.474,10.079,-0.012,0.006,-0.026,26.387
9391,0.306,-0.493,10.088,-0.012,0.006,-0.026,26.395
9401,0.292,-0.502,10.012,-0.012,0.006,-0.027,26.395
9411,0.258,-0.526,10.126,-0.013,0.005,-0.027,26.375
9421,0.230,-0.541,10.074,-0.012,0.005,-0.027,26.375
9431,0.172,-0.541,10.136,-0.012,0.006,-0.027,26.352
9441,0.167,-0.526,10.102,-0.012,0.007,-0.027,26.352
9451,0.167,-0.507,10.102,-0.012,0.007,-0.027,26.316
9461,0.172,-0.502,10.112,-0.012,0.007,-0.026,26.316
9471,0.206,-0.483,10.098,-0.011,0.007,-0.027,26.367
9481,0.230,-0.469,10.117,-0.012,0.009,-0.027,26.367
9491,0.258,-0.469,10.083,-0.013,0.007,-0.028,26.375
9501,0.263,-0.507,10.040,-0.012,0.009,-0.028,26.375
9511,0.316,-0.502,9.997,-0.013,0.006,-0.027,26.387
9521,0.330,-0.507,10.069,-0.012,0.004,-0.027,26.387
9531,0.330,-0.488,10.098,-0.012,0.004,-0.027,26.375
9541,0.297,-0.498,10.146,-0.012,0.004,-0.024,26.375
9551,0.254,-0.440,10.040,-0.012,0.006,-0.024,26.375
9561,0.225,-0.435,10.122,-0.012,0.005,-0.026,26.375
9571,0.182,-0.426,10.083,-0.012,0.005,-0.026,26.328
9581,0.158,-0.440,10.136,-0.012,0.005,-0.026,26.328
9591,0.134,-0.450,10.141,-0.013,0.006,-0.028,26.391
9601,0.153,-0.488,10.126,-0.013,0.006,-0.028,26.391
9611,0.167,-0.522,10.064,-0.012,0.007,-0.027,26.375
9621,0.206,-0.546,10.050,-0.012,0.007,-0.027,26.375
9631,0.268,-0.574,10.088,-0.011,0.006,-0.027,26.340
9641,0.287,-0.565,10.117,-0.012,0.006,-0.027,26.340
9651,0.301,-0.541,10.050,-0.012,0.006,-0.026,26.383
9661,0.321,-0.517,10.031,-0.012,0.006,-0.026,26.383
9671,0.321,-0.502,10.055,-0.012,0.006,-0.026,26.375
9681,0.301,-0.455,10.045,-0.012,0.005,-0.027,26.375
9691,0.292,-0.455,10.074,-0.012,0.005,-0.027,26.371
9701,0.220,-0.455,10.112,-0.012,0.005,-0.027,26.371
9711,0.148,-0.464,10.079,-0.013,0.006,-0.028,26.359
9721,0.153,-0.479,10.141,-0.013,0.005,-0.028,26.359
9731,0.163,-0.474,10.102,-0.012,0.006,-0.028,26.359
9741,0.172,-0.502,10.083,-0.012,0.006,-0.027,26.359
9751,0.187,-0.522,10.112,-0.012,0.005,-0.026,26.367
9761,0.230,-0.512,10.107,-0.012,0.006,-0.026,26.367
9771,0.244,-0.512,10.079,-0.012,0.007,-0.026,26.367
9781,0.278,-0.493,10.045,-0.012,0.007,-0.026,26.367
9791,0.306,-0.498,10.088,-0.012,0.006,-0.027,26.316
9801,0.301,-0.488,10.079,-0.012,0.006,-0.027,26.316
9811,0.273,-0.507,10.050,-0.012,0.007,-0.027,26.309
9821,0.282,-0.517,10.117,-0.013,0.006,-0.027,26.309
9831,0.211,-0.488,10.007,-0.012,0.006,-0.027,26.355
9841,0.206,-0.498,10.141,-0.012,0.005,-0.027,26.355
9851,0.196,-0.483,10.079,-0.012,0.005,-0.026,26.320
9861,0.182,-0.488,10.122,-0.011,0.006,-0.027,26.320
9871,0.211,-0.488,10.131,-0.012,0.006,-0.026,26.375
9881,0.196,-0.483,10.055,-0.012,0.007,-0.026,26.375
9891,0.211,-0.483,10.088,-0.012,0.006,-0.027,26.332
9901,0.254,-0.488,10.117,-0.012,0.005,-0.027,26.332
9911,0.249,-0.507,10.069,-0.012,0.007,-0.027,26.359
9921,0.263,-0.502,10.012,-0.012,0.006,-0.027,26.359
9931,0.282,-0.512,10.146,-0.012,0.005,-0.027,26.332
9941,0.263,-0.483,10.026,-0.012,0.006,-0.027,26.332
9951,0.244,-0.522,10.093,-0.012,0.005,-0.027,26.352
9961,0.239,-0.498,10.098,-0.011,0.006,-0.027,26.352
9971,0.230,-0.493,10.107,-0.012,0.005,-0.027,26.332
9981,0.234,-0.469,10.088,-0.012,0.006,-0.026,26.332
9991,0.225,-0.483,10.098,-0.012,0.006,-0.026,26.355
10001,0.220,-0.488,10.074,-0.012,0.007,-0.026,26.355
10011,0.196,-0.493,10.064,-0.011,0.006,-0.027,26.328
10021,0.225,-0.502,10.117,-0.012,0.005,-0.027,26.328
10031,0.215,-0.502,10.107,-0.012,0.006,-0.027,26.324
10041,0.225,-0.488,10.093,-0.012,0.006,-0.028,26.324
10051,0.239,-0.517,10.083,-0.012,0.006,-0.027,26.332
10061,0.244,-0.493,10.055,-0.012,0.005,-0.027,26.332
10071,0.225,-0.488,10.074,-0.012,0.005,-0.027,26.367
10081,0.249,-0.469,10.074,-0.012,0.006,-0.027,26.367
10091,0.263,-0.483,10.126,-0.013,0.004,-0.026,26.398
10101,0.263,-0.488,10.112,-0.012,0.005,-0.027,26.398
10111,0.244,-0.459,10.083,-0.012,0.006,-0.027,26.387
10121,0.230,-0.474,10.083,-0.013,0.006,-0.027,26.387
10141,0.177,-0.507,10.079,-0.012,0.005,-0.028,26.367
10151,0.230,-0.502,10.098,-0.012,0.005,-0.027,26.367
10161,0.234,-0.512,10.088,-0.012,0.005,-0.027,26.336
10171,0.254,-0.512,10.098,-0.013,0.005,-0.026,26.336
10181,0.249,-0.507,10.059,-0.012,0.006,-0.027,26.324
10191,0.258,-0.483,10.059,-0.012,0.005,-0.027,26.324
10201,0.244,-0.493,10.055,-0.011,0.005,-0.027,26.340
10211,0.249,-0.479,10.074,-0.011,0.002,-0.027,26.340
10221,0.249,-0.479,10.093,-0.012,0.004,-0.027,26.367
10231,0.234,-0.464,10.131,-0.011,0.004,-0.027,26.367
10241,0.239,-0.464,10.088,-0.012,0.005,-0.026,26.359
10251,0.211,-0.479,10.059,-0.012,0.006,-0.027,26.359
10261,0.215,-0.488,10.093,-0.012,0.005,-0.027,26.371
10271,0.220,-0.498,10.126,-0.013,0.005,-0.027,26.371
10281,0.196,-0.512,10.098,-0.012,0.006,-0.026,26.395
10291,0.220,-0.498,10.069,-0.013,0.006,-0.026,26.395
10301,0.220,-0.498,10.074,-0.012,0.006,-0.026,26.355
10311,0.234,-0.493,10.112,-0.012,0.005,-0.026,26.355
10321,0.258,-0.498,10.117,-0.012,0.006,-0.026,26.336
10331,0.234,-0.483,10.059,-0.012,0.007,-0.026,26.336
10341,0.244,-0.488,10.059,-0.012,0.006,-0.027,26.348
10351,0.220,-0.488,10.083,-0.012,0.006,-0.027,26.348
10361,0.220,-0.469,10.083,-0.012,0.005,-0.027,26.332
10371,0.220,-0.493,10.093,-0.012,0.005,-0.027,26.332
10381,0.249,-0.488,10.088,-0.012,0.006,-0.027,26.340
10391,0.244,-0.483,10.074,-0.012,0.006,-0.027,26.340
10401,0.254,-0.459,10.079,-0.011,0.006,-0.027,26.371
10411,0.263,-0.483,10.059,-0.012,0.006,-0.026,26.371
10421,0.263,-0.483,10.093,-0.012,0.005,-0.027,26.359
10431,0.263,-0.488,10.112,-0.012,0.006,-0.027,26.359
10441,0.254,-0.483,10.069,-0.012,0.006,-0.027,26.422
10451,0.230,-0.498,10.102,-0.012,0.006,-0.027,26.422
10461,0.239,-0.512,10.112,-0.012,0.006,-0.028,26.316
10471,0.201,-0.517,10.083,-0.012,0.006,-0.027,26.316
10481,0.201,-0.517,10.098,-0.012,0.007,-0.027,26.402
10491,0.206,-0.541,10.074,-0.012,0.006,-0.026,26.402
10501,0.225,-0.517,10.064,-0.012,0.006,-0.026,26.340
10511,0.230,-0.517,10.059,-0.012,0.006,-0.027,26.340
10521,0.244,-0.498,10.074,-0.012,0.006,-0.027,26.367
10531,0.249,-0.498,10.093,-0.013,0.006,-0.026,26.367
10541,0.254,-0.498,10.074,-0.013,0.005,-0.026,26.375
10551,0.258,-0.488,10.107,-0.012,0.007,-0.026,26.375
10561,0.249,-0.479,10.064,-0.012,0.006,-0.026,26.355
10571,0.263,-0.474,10.107,-0.012,0.005,-0.027,26.355
10581,0.249,-0.469,10.064,-0.012,0.006,-0.027,26.395
10591,0.244,-0.474,10.112,-0.012,0.005,-0.027,26.395
10601,0.230,-0.493,10.064,-0.012,0.006,-0.027,26.367
10611,0.230,-0.474,10.098,-0.013,0.006,-0.027,26.367
10621,0.230,-0.469,10.102,-0.012,0.006,-0.027,26.344
10631,0.215,-0.474,10.093,-0.012,0.006,-0.026,26.344
10641,0.220,-0.474,10.083,-0.013,0.006,-0.027,26.375
10651,0.211,-0.488,10.093,-0.012,0.006,-0.028,26.375
10661,0.239,-0.493,10.074,-0.012,0.006,-0.027,26.379
10671,0.220,-0.502,10.055,-0.012,0.007,-0.026,26.379
10681,0.234,-0.502,10.083,-0.012,0.006,-0.026,26.383
10691,0.278,-0.507,10.074,-0.012,0.006,-0.026,26.383
10701,0.263,-0.512,10.079,-0.012,0.006,-0.027,26.324
10711,0.278,-0.512,10.088,-0.012,0.006,-0.027,26.324
10721,0.234,-0.512,10.083,-0.012,0.006,-0.027,26.379
10731,0.234,-0.498,10.069,-0.013,0.006,-0.027,26.379
10741,0.234,-0.493,10.050,-0.012,0.005,-0.027,26.328
10751,0.254,-0.488,10.079,-0.011,0.005,-0.027,26.328
10761,0.225,-0.493,10.079,-0.012,0.004,-0.027,26.387
10771,0.249,-0.502,10.112,-0.012,0.005,-0.027,26.387
10781,0.244,-0.488,10.098,-0.012,0.006,-0.027,26.348
10791,0.201,-0.512,10.117,-0.013,0.006,-0.027,26.348
10801,0.201,-0.507,10.074,-0.012,0.006,-0.027,26.324
10811,0.191,-0.488,10.064,-0.013,0.006,-0.026,26.324
10821,0.220,-0.469,10.102,-0.012,0.005,-0.027,26.383
10831,0.225,-0.474,10.055,-0.011,0.007,-0.026,26.383
10841,0.268,-0.483,10.093,-0.012,0.005,-0.026,26.328
10851,0.258,-0.474,10.079,-0.012,0.006,-0.027,26.328
10861,0.244,-0.479,10.079,-0.012,0.007,-0.026,26.398
10871,0.278,-0.488,10.098,-0.012,0.006,-0.026,26.398
10881,0.273,-0.488,10.050,-0.012,0.006,-0.027,26.348
10891,0.249,-0.502,10.074,-0.012,0.005,-0.027,26.348
10901,0.244,-0.498,10.079,-0.013,0.005,-0.027,26.313
10911,0.244,-0.498,10.069,-0.013,0.005,-0.028,26.313
10921,0.220,-0.507,10.074,-0.012,0.005,-0.028,26.348
10931,0.211,-0.531,10.093,-0.013,0.006,-0.027,26.348
10941,0.225,-0.488,10.131,-0.012,0.006,-0.027,26.348
10951,0.244,-0.502,10.088,-0.013,0.007,-0.027,26.348
10961,0.206,-0.512,10.069,-0.012,0.006,-0.027,26.336
10971,0.225,-0.493,10.059,-0.012,0.006,-0.027,26.336
10981,0.225,-0.479,10.083,-0.012,0.006,-0.027,26.355
10991,0.249,-0.488,10.098,-0.012,0.006,-0.026,26.355
11001,0.244,-0.493,10.079,-0.012,0.005,-0.027,26.344
11011,0.249,-0.507,10.083,-0.012,0.005,-0.028,26.344
11021,0.234,-0.488,10.098,-0.012,0.006,-0.027,26.355
11031,0.225,-0.479,10.088,-0.013,0.006,-0.027,26.355
11041,0.234,-0.502,10.088,-0.012,0.006,-0.027,26.332
11051,0.234,-0.493,10.083,-0.012,0.005,-0.027,26.332
11061,0.211,-0.512,10.102,-0.012,0.006,-0.027,26.344
11071,0.230,-0.498,10.079,-0.012,0.007,-0.027,26.344
11081,0.239,-0.488,10.098,-0.013,0.006,-0.026,26.340
11091,0.268,-0.464,10.107,-0.012,0.006,-0.027,26.340
11101,0.263,-0.493,10.098,-0.012,0.006,-0.026,26.348
11111,0.258,-0.474,10.074,-0.012,0.006,-0.027,26.348
11121,0.249,-0.498,10.102,-0.012,0.006,-0.027,26.363
11131,0.244,-0.493,10.055,-0.012,0.006,-0.027,26.363
11141,0.239,-0.498,10.079,-0.012,0.005,-0.027,26.328
11151,0.234,-0.512,10.059,-0.012,0.005,-0.027,26.328
11161,0.244,-0.483,10.074,-0.012,0.006,-0.027,26.352
11171,0.230,-0.493,10.102,-0.012,0.005,-0.027,26.352
11181,0.211,-0.483,10.098,-0.012,0.006,-0.027,26.367
11191,0.220,-0.479,10.093,-0.012,0.006,-0.027,26.367
11201,0.225,-0.493,10.083,-0.012,0.006,-0.027,26.320
11211,0.244,-0.507,10.112,-0.012,0.006,-0.027,26.320
11221,0.258,-0.512,10.069,-0.012,0.007,-0.026,26.340
11231,0.234,-0.493,10.050,-0.012,0.006,-0.026,26.340
11241,0.254,-0.493,10.093,-0.012,0.006,-0.026,26.352
11251,0.263,-0.507,10.079,-0.012,0.006,-0.027,26.352
11261,0.258,-0.493,10.079,-0.012,0.005,-0.027,26.316
11271,0.258,-0.488,10.079,-0.011,0.006,-0.027,26.316
11281,0.249,-0.498,10.088,-0.012,0.005,-0.027,26.309
11291,0.244,-0.512,10.079,-0.012,0.005,-0.027,26.309
11301,0.249,-0.488,10.117,-0.012,0.006,-0.027,26.332
11311,0.220,-0.493,10.083,-0.012,0.006,-0.026,26.332
11321,0.215,-0.502,10.074,-0.013,0.006,-0.026,26.344
11331,0.206,-0.488,10.074,-0.013,0.005,-0.026,26.344
11341,0.230,-0.479,10.050,-0.012,0.006,-0.026,26.348
11351,0.239,-0.483,10.098,-0.013,0.006,-0.026,26.348
11361,0.234,-0.483,10.083,-0.012,0.006,-0.026,26.328
11371,0.258,-0.493,10.107,-0.011,0.005,-0.027,26.328
11381,0.254,-0.493,10.088,-0.013,0.006,-0.026,26.340
11391,0.239,-0.517,10.102,-0.012,0.006,-0.027,26.340
11401,0.215,-0.517,10.107,-0.012,0.006,-0.027,26.332
11411,0.211,-0.498,10.069,-0.012,0.009,-0.027,26.332
11421,0.215,-0.479,9.997,-0.012,0.007,-0.026,26.371
11431,0.263,-0.479,10.079,-0.011,0.004,-0.027,26.371
11441,0.273,-0.464,10.045,-0.011,0.004,-0.026,26.367
11451,0.287,-0.445,10.150,-0.013,0.005,-0.027,26.367
11461,0.244,-0.479,10.074,-0.013,0.006,-0.027,26.332
11471,0.225,-0.455,10.045,-0.013,0.006,-0.027,26.332
11481,0.211,-0.493,10.079,-0.012,0.005,-0.027,26.332
11491,0.201,-0.488,10.088,-0.012,0.005,-0.028,26.332
11501,0.211,-0.517,10.102,-0.012,0.005,-0.027,26.355
11511,0.220,-0.488,10.117,-0.011,0.006,-0.026,26.355
11521,0.215,-0.502,10.102,-0.012,0.007,-0.027,26.336
11531,0.225,-0.512,10.045,-0.012,0.007,-0.026,26.336
11541,0.273,-0.522,10.059,-0.012,0.007,-0.026,26.391
11551,0.268,-0.498,10.122,-0.012,0.007,-0.026,26.391
11571,0.254,-0.483,10.079,-0.012,0.006,-0.027,26.332
11581,0.206,-0.498,10.098,-0.012,0.006,-0.026,26.332
11591,0.239,-0.493,10.107,-0.012,0.006,-0.028,26.289
11601,0.230,-0.493,10.059,-0.012,0.007,-0.027,26.289
11611,0.220,-0.479,10.055,-0.012,0.006,-0.027,26.332
11621,0.201,-0.498,10.102,-0.012,0.005,-0.026,26.332
11631,0.239,-0.474,10.136,-0.012,0.006,-0.028,26.355
11641,0.234,-0.493,10.093,-0.012,0.007,-0.027,26.355
11651,0.239,-0.469,10.031,-0.013,0.009,-0.027,26.344
11661,0.249,-0.493,10.064,-0.012,0.006,-0.026,26.344
11671,0.249,-0.498,10.059,-0.012,0.004,-0.027,26.320
11681,0.287,-0.507,10.088,-0.013,0.006,-0.027,26.320
11691,0.258,-0.507,10.141,-0.012,0.005,-0.027,26.320
11701,0.244,-0.512,10.055,-0.012,0.006,-0.027,26.320
11711,0.196,-0.526,10.093,-0.012,0.007,-0.027,26.367
11721,0.201,-0.512,10.079,-0.011,0.006,-0.027,26.367
11731,0.206,-0.526,10.079,-0.012,0.006,-0.027,26.344
11741,0.191,-0.502,10.117,-0.012,0.006,-0.027,26.344
11751,0.201,-0.502,10.069,-0.012,0.005,-0.027,26.344
11761,0.206,-0.483,10.131,-0.012,0.006,-0.027,26.344
11771,0.215,-0.498,10.093,-0.012,0.006,-0.027,26.344
11781,0.234,-0.488,10.074,-0.012,0.007,-0.027,26.344
11791,0.211,-0.507,10.088,-0.012,0.007,-0.027,26.355
11801,0.239,-0.502,10.055,-0.012,0.006,-0.027,26.355
11811,0.268,-0.488,10.083,-0.012,0.005,-0.027,26.375
11821,0.278,-0.483,10.035,-0.011,0.006,-0.027,26.375
11831,0.287,-0.474,10.055,-0.011,0.005,-0.027,26.367
11841,0.278,-0.474,10.088,-0.012,0.005,-0.027,26.367
11851,0.254,-0.474,10.074,-0.012,0.005,-0.027,26.363
11861,0.234,-0.488,10.093,-0.012,0.006,-0.026,26.363
11871,0.230,-0.498,10.126,-0.012,0.006,-0.026,26.375
11881,0.187,-0.507,10.079,-0.013,0.006,-0.027,26.375
11891,0.182,-0.512,10.074,-0.012,0.005,-0.027,26.348
11901,0.182,-0.512,10.088,-0.012,0.006,-0.027,26.348
11911,0.201,-0.522,10.098,-0.012,0.006,-0.026,26.313
11921,0.234,-0.517,10.107,-0.012,0.006,-0.026,26.313
11931,0.244,-0.502,10.069,-0.012,0.007,-0.026,26.309
11941,0.287,-0.483,10.098,-0.012,0.007,-0.026,26.309
11951,0.263,-0.474,10.079,-0.013,0.006,-0.026,26.320
11961,0.292,-0.479,10.040,-0.013,0.006,-0.027,26.320
11971,0.268,-0.479,10.083,-0.013,0.005,-0.027,26.328
11981,0.244,-0.474,10.093,-0.013,0.005,-0.027,26.328
11991,0.254,-0.464,10.093,-0.013,0.006,-0.027,26.328
12001,0.206,-0.469,10.050,-0.012,0.006,-0.027,26.328
12011,0.225,-0.483,10.098,-0.012,0.005,-0.027,26.340
12021,0.230,-0.493,10.112,-0.012,0.006,-0.027,26.340
12031,0.230,-0.483,10.131,-0.012,0.006,-0.027,26.344
12041,0.191,-0.512,10.088,-0.012,0.007,-0.026,26.344
12051,0.215,-0.522,10.074,-0.012,0.007,-0.027,26.383
12061,0.220,-0.522,10.055,-0.011,0.006,-0.026,26.383
12071,0.263,-0.512,10.107,-0.012,0.006,-0.026,26.352
12081,0.263,-0.517,10.088,-0.013,0.006,-0.027,26.352
12091,0.278,-0.517,10.069,-0.012,0.006,-0.028,26.320
12101,0.282,-0.498,10.074,-0.012,0.006,-0.027,26.320
12111,0.249,-0.474,10.059,-0.012,0.006,-0.027,26.348
12121,0.258,-0.469,10.098,-0.012,0.006,-0.026,26.348
12131,0.234,-0.479,10.083,-0.012,0.006,-0.027,26.348
12141,0.234,-0.464,10.064,-0.013,0.006,-0.027,26.348
12151,0.225,-0.474,10.088,-0.012,0.006,-0.026,26.336
12161,0.215,-0.464,10.074,-0.012,0.006,-0.027,26.336
12171,0.225,-0.488,10.098,-0.013,0.006,-0.027,26.332
12181,0.230,-0.483,10.098,-0.012,0.005,-0.027,26.332
12191,0.239,-0.502,10.059,-0.012,0.007,-0.027,26.332
12201,0.258,-0.502,10.079,-0.012,0.006,-0.026,26.332
12211,0.258,-0.507,10.040,-0.012,0.006,-0.026,26.305
12221,0.268,-0.517,10.079,-0.012,0.005,-0.027,26.305
12231,0.249,-0.526,10.112,-0.013,0.005,-0.027,26.348
12241,0.268,-0.488,10.083,-0.012,0.006,-0.026,26.348
12251,0.244,-0.507,10.069,-0.012,0.006,-0.027,26.344
12261,0.196,-0.479,10.059,-0.013,0.005,-0.026,26.344
12271,0.211,-0.479,10.112,-0.012,0.005,-0.026,26.379
12281,0.225,-0.498,10.112,-0.012,0.006,-0.027,26.379
12291,0.215,-0.469,10.122,-0.011,0.005,-0.027,26.336
12301,0.211,-0.493,10.098,-0.012,0.005,-0.027,26.336
12311,0.249,-0.488,10.079,-0.012,0.006,-0.027,26.316
12321,0.230,-0.474,10.064,-0.013,0.006,-0.027,26.316
12331,0.234,-0.479,10.079,-0.012,0.006,-0.027,26.328
12341,0.254,-0.507,10.079,-0.012,0.005,-0.027,26.328
12351,0.278,-0.512,10.102,-0.013,0.006,-0.027,26.359
12361,0.254,-0.517,10.088,-0.012,0.006,-0.027,26.359
12371,0.254,-0.517,10.088,-0.012,0.006,-0.027,26.359
12381,0.254,-0.493,10.050,-0.012,0.007,-0.027,26.359
12391,0.258,-0.483,10.074,-0.012,0.006,-0.027,26.352
12401,0.258,-0.479,10.136,-0.013,0.005,-0.027,26.352
12411,0.220,-0.498,10.021,-0.012,0.006,-0.026,26.324
12421,0.249,-0.474,10.174,-0.013,0.005,-0.027,26.324
12431,0.196,-0.464,10.050,-0.013,0.007,-0.027,26.367
12441,0.182,-0.479,10.112,-0.012,0.006,-0.026,26.367
12451,0.211,-0.493,10.064,-0.012,0.007,-0.026,26.359
12461,0.215,-0.493,10.112,-0.012,0.007,-0.027,26.359
12471,0.244,-0.474,10.079,-0.012,0.007,-0.026,26.332
12481,0.258,-0.474,10.102,-0.012,0.006,-0.027,26.332
